MPASM  4.02 Released                        YURUYEN_LED_2.ASM   7-15-2020  19:24:08         PAGE  1


LOC  OBJECT CODE     LINE SOURCE TEXT
  VALUE

Warning[205]: Found directive in column 1. (LIST)
                      00001 LIST p=16F877A
Warning[205]: Found directive in column 1. (INCLUDE)
                      00002 INCLUDE <P16F877A.INC>
                      00001         LIST
                      00002 ; P16F877A.INC  Standard Header File, Version 1.00    Microchip Technology, Inc.
                      00398         LIST
                      00003 
Warning[205]: Found directive in column 1. (__CONFIG)
2007   3F7A           00004 __CONFIG _CP_OFF &_WDT_OFF &_HS_OSC &_PWRTE_OFF &_LVP_OFF
                      00005 
  00000020            00006 SAYAC0 EQU 0x20
  00000021            00007 SAYAC1 EQU 0x21
  00000022            00008 SAYAC2 EQU 0x22
  00000023            00009 TEMP   EQU 0x23
                      00010 
0000                  00011         ORG 0
0000   2805           00012         GOTO START
0004                  00013         ORG 4
0004   2805           00014         GOTO START
                      00015 
                      00016 BANK0 MACRO
                      00017           BCF STATUS,5
                      00018           ENDM
                      00019 BANK1 MACRO
                      00020           BSF STATUS,5
                      00021           ENDM
                      00022 
                      00023 START BANK1
0005   1683               M           BSF STATUS,5
Message[302]: Register in operand not in bank 0.  Ensure that bank bits are correct.
0006   0187           00024           CLRF TRISC 
                      00025           BANK0
0007   1283               M           BCF STATUS,5
0008   0187           00026           CLRF PORTC
0009   1407           00027           BSF  PORTC,0
                      00028 
000A   3007           00029 LOOP MOVLW .7
000B   00A3           00030          MOVWF TEMP
                      00031 
000C   2017           00032 SOLA CALL   BEKLE
000D   0D87           00033          RLF    PORTC,F
000E   0BA3           00034          DECFSZ TEMP,F
000F   280C           00035          GOTO   SOLA
                      00036 
0010   3007           00037          MOVLW  .7
0011   00A3           00038          MOVWF  TEMP
0012   2017           00039 SAGA CALL   BEKLE
0013   0C87           00040          RRF    PORTC,F
0014   0BA3           00041          DECFSZ TEMP,F
0015   2812           00042          GOTO SAGA
0016   280A           00043      GOTO LOOP
                      00044 
MPASM  4.02 Released                        YURUYEN_LED_2.ASM   7-15-2020  19:24:08         PAGE  2


LOC  OBJECT CODE     LINE SOURCE TEXT
  VALUE

0017   3002           00045 BEKLE  MOVLW .2
0018   00A0           00046            MOVWF SAYAC0
0019   3032           00047 BEKLE0 MOVLW .50
001A   00A1           00048            MOVWF SAYAC1
001B   3032           00049 BEKLE1 MOVLW .50
001C   00A2           00050            MOVWF SAYAC2
001D                  00051 BEKLE2
001D   0BA2           00052            DECFSZ SAYAC2,F
001E   281D           00053            GOTO   BEKLE2
001F   0BA1           00054            DECFSZ SAYAC1,F
0020   281B           00055            GOTO   BEKLE1
0021   0BA0           00056            DECFSZ SAYAC0,F
0022   2819           00057            GOTO   BEKLE0
0023   0008           00058            RETURN
                      00059            END
MPASM  4.02 Released                        YURUYEN_LED_2.ASM   7-15-2020  19:24:08         PAGE  3


SYMBOL TABLE
  LABEL                             VALUE 

ACKDT                             00000005
ACKEN                             00000004
ACKSTAT                           00000006
ADCON0                            0000001F
ADCON1                            0000009F
ADCS0                             00000006
ADCS1                             00000007
ADDEN                             00000003
ADFM                              00000007
ADIE                              00000006
ADIF                              00000006
ADON                              00000000
ADRESH                            0000001E
ADRESL                            0000009E
BANK0                             
BANK1                             
BCLIE                             00000003
BCLIF                             00000003
BEKLE                             00000017
BEKLE0                            00000019
BEKLE1                            0000001B
BEKLE2                            0000001D
BF                                00000000
BRGH                              00000002
C                                 00000000
C1INV                             00000004
C1OUT                             00000006
C2INV                             00000005
C2OUT                             00000007
CCP1CON                           00000017
CCP1IE                            00000002
CCP1IF                            00000002
CCP1M0                            00000000
CCP1M1                            00000001
CCP1M2                            00000002
CCP1M3                            00000003
CCP1X                             00000005
CCP1Y                             00000004
CCP2CON                           0000001D
CCP2IE                            00000000
CCP2IF                            00000000
CCP2M0                            00000000
CCP2M1                            00000001
CCP2M2                            00000002
CCP2M3                            00000003
CCP2X                             00000005
CCP2Y                             00000004
CCPR1H                            00000016
CCPR1L                            00000015
CCPR2H                            0000001C
CCPR2L                            0000001B
CHS0                              00000003
CHS1                              00000004
MPASM  4.02 Released                        YURUYEN_LED_2.ASM   7-15-2020  19:24:08         PAGE  4


SYMBOL TABLE
  LABEL                             VALUE 

CHS2                              00000005
CIS                               00000003
CKE                               00000006
CKP                               00000004
CM0                               00000000
CM1                               00000001
CM2                               00000002
CMCON                             0000009C
CMIE                              00000006
CMIF                              00000006
CREN                              00000004
CSRC                              00000007
CVR0                              00000000
CVR1                              00000001
CVR2                              00000002
CVR3                              00000003
CVRCON                            0000009D
CVREN                             00000007
CVROE                             00000006
CVRR                              00000005
D                                 00000005
DATA_ADDRESS                      00000005
DC                                00000001
D_A                               00000005
EEADR                             0000010D
EEADRH                            0000010F
EECON1                            0000018C
EECON2                            0000018D
EEDATA                            0000010C
EEDATH                            0000010E
EEIE                              00000004
EEIF                              00000004
EEPGD                             00000007
F                                 00000001
FERR                              00000002
FSR                               00000004
GCEN                              00000007
GIE                               00000007
GO                                00000002
GO_DONE                           00000002
I2C_DATA                          00000005
I2C_READ                          00000002
I2C_START                         00000003
I2C_STOP                          00000004
IBF                               00000007
IBOV                              00000005
INDF                              00000000
INTCON                            0000000B
INTE                              00000004
INTEDG                            00000006
INTF                              00000001
IRP                               00000007
LOOP                              0000000A
MPASM  4.02 Released                        YURUYEN_LED_2.ASM   7-15-2020  19:24:08         PAGE  5


SYMBOL TABLE
  LABEL                             VALUE 

NOT_A                             00000005
NOT_ADDRESS                       00000005
NOT_BO                            00000000
NOT_BOR                           00000000
NOT_DONE                          00000002
NOT_PD                            00000003
NOT_POR                           00000001
NOT_RBPU                          00000007
NOT_RC8                           00000006
NOT_T1SYNC                        00000002
NOT_TO                            00000004
NOT_TX8                           00000006
NOT_W                             00000002
NOT_WRITE                         00000002
OBF                               00000006
OERR                              00000001
OPTION_REG                        00000081
P                                 00000004
PCFG0                             00000000
PCFG1                             00000001
PCFG2                             00000002
PCFG3                             00000003
PCL                               00000002
PCLATH                            0000000A
PCON                              0000008E
PEIE                              00000006
PEN                               00000002
PIE1                              0000008C
PIE2                              0000008D
PIR1                              0000000C
PIR2                              0000000D
PORTA                             00000005
PORTB                             00000006
PORTC                             00000007
PORTD                             00000008
PORTE                             00000009
PR2                               00000092
PS0                               00000000
PS1                               00000001
PS2                               00000002
PSA                               00000003
PSPIE                             00000007
PSPIF                             00000007
PSPMODE                           00000004
R                                 00000002
RBIE                              00000003
RBIF                              00000000
RC8_9                             00000006
RC9                               00000006
RCD8                              00000000
RCEN                              00000003
RCIE                              00000005
RCIF                              00000005
MPASM  4.02 Released                        YURUYEN_LED_2.ASM   7-15-2020  19:24:08         PAGE  6


SYMBOL TABLE
  LABEL                             VALUE 

RCREG                             0000001A
RCSTA                             00000018
RD                                00000000
READ_WRITE                        00000002
RP0                               00000005
RP1                               00000006
RSEN                              00000001
RX9                               00000006
RX9D                              00000000
R_W                               00000002
S                                 00000003
SAGA                              00000012
SAYAC0                            00000020
SAYAC1                            00000021
SAYAC2                            00000022
SEN                               00000000
SMP                               00000007
SOLA                              0000000C
SPBRG                             00000099
SPEN                              00000007
SREN                              00000005
SSPADD                            00000093
SSPBUF                            00000013
SSPCON                            00000014
SSPCON2                           00000091
SSPEN                             00000005
SSPIE                             00000003
SSPIF                             00000003
SSPM0                             00000000
SSPM1                             00000001
SSPM2                             00000002
SSPM3                             00000003
SSPOV                             00000006
SSPSTAT                           00000094
START                             00000005
STATUS                            00000003
SYNC                              00000004
T0CS                              00000005
T0IE                              00000005
T0IF                              00000002
T0SE                              00000004
T1CKPS0                           00000004
T1CKPS1                           00000005
T1CON                             00000010
T1INSYNC                          00000002
T1OSCEN                           00000003
T1SYNC                            00000002
T2CKPS0                           00000000
T2CKPS1                           00000001
T2CON                             00000012
TEMP                              00000023
TMR0                              00000001
TMR0IE                            00000005
MPASM  4.02 Released                        YURUYEN_LED_2.ASM   7-15-2020  19:24:08         PAGE  7


SYMBOL TABLE
  LABEL                             VALUE 

TMR0IF                            00000002
TMR1CS                            00000001
TMR1H                             0000000F
TMR1IE                            00000000
TMR1IF                            00000000
TMR1L                             0000000E
TMR1ON                            00000000
TMR2                              00000011
TMR2IE                            00000001
TMR2IF                            00000001
TMR2ON                            00000002
TOUTPS0                           00000003
TOUTPS1                           00000004
TOUTPS2                           00000005
TOUTPS3                           00000006
TRISA                             00000085
TRISB                             00000086
TRISC                             00000087
TRISD                             00000088
TRISE                             00000089
TRISE0                            00000000
TRISE1                            00000001
TRISE2                            00000002
TRMT                              00000001
TX8_9                             00000006
TX9                               00000006
TX9D                              00000000
TXD8                              00000000
TXEN                              00000005
TXIE                              00000004
TXIF                              00000004
TXREG                             00000019
TXSTA                             00000098
UA                                00000001
W                                 00000000
WCOL                              00000007
WR                                00000001
WREN                              00000002
WRERR                             00000003
Z                                 00000002
_BODEN_OFF                        00003FBF
_BODEN_ON                         00003FFF
_CPD_OFF                          00003FFF
_CPD_ON                           00003EFF
_CP_ALL                           00001FFF
_CP_OFF                           00003FFF
_DEBUG_OFF                        00003FFF
_DEBUG_ON                         000037FF
_HS_OSC                           00003FFE
_LP_OSC                           00003FFC
_LVP_OFF                          00003F7F
_LVP_ON                           00003FFF
_PWRTE_OFF                        00003FFF
MPASM  4.02 Released                        YURUYEN_LED_2.ASM   7-15-2020  19:24:08         PAGE  8


SYMBOL TABLE
  LABEL                             VALUE 

_PWRTE_ON                         00003FF7
_RC_OSC                           00003FFF
_WDT_OFF                          00003FFB
_WDT_ON                           00003FFF
_WRT_1FOURTH                      00003BFF
_WRT_256                          00003DFF
_WRT_HALF                         000039FF
_WRT_OFF                          00003FFF
_XT_OSC                           00003FFD
__16F877A                         00000001


MEMORY USAGE MAP ('X' = Used,  '-' = Unused)

0000 : X---XXXXXXXXXXXX XXXXXXXXXXXXXXXX XXXX------------ ----------------
2000 : -------X-------- ---------------- ---------------- ----------------

All other memory blocks unused.

Program Memory Words Used:    33
Program Memory Words Free:  8159


Errors   :     0
Warnings :     3 reported,     0 suppressed
Messages :     1 reported,     0 suppressed

